2026-07-21 14:18:14,127 | INFO | Loading dataset...
2026-07-21 14:18:26,573 | INFO | Splitting dataset...
2026-07-21 14:18:26,617 | INFO | Training model...
2026-07-21 14:18:54,407 | INFO | Evaluating model...
2026-07-21 14:18:54,432 | INFO | Saving figures...
2026-07-21 14:19:01,704 | INFO | Training completed successfully.
2026-07-22 13:00:54,530 | INFO | Loading dataset...
2026-07-22 13:01:07,339 | INFO | Splitting dataset...
2026-07-22 13:01:07,439 | INFO | Training model...
2026-07-22 13:01:31,902 | INFO | Evaluating model...
2026-07-22 13:01:31,933 | INFO | Saving figures...
2026-07-22 13:01:40,311 | INFO | Training completed successfully.
2026-07-22 15:31:22,913 | INFO | Loading dataset...
2026-07-22 15:31:54,327 | INFO | Splitting dataset...
2026-07-22 15:31:54,881 | INFO | Training model...
2026-07-22 15:32:25,738 | INFO | Evaluating model...
2026-07-22 15:32:25,762 | INFO | Saving figures...
2026-07-22 15:32:41,255 | INFO | Training completed successfully.
2026-07-23 12:44:20,333 | INFO | Loading dataset...
2026-07-23 13:04:01,729 | INFO | Splitting dataset...
2026-07-23 13:04:01,899 | INFO | Training model...
2026-07-23 13:04:31,676 | INFO | Evaluating model...
2026-07-23 13:04:31,712 | INFO | Saving figures...
2026-07-23 13:04:52,091 | INFO | Training completed successfully.
2026-07-23 13:58:51,827 | INFO | Loading dataset...
2026-07-23 13:59:05,524 | INFO | Splitting dataset...
2026-07-23 13:59:05,659 | INFO | Training model...
2026-07-23 14:05:05,356 | INFO | Loading dataset...
2026-07-23 14:05:18,689 | INFO | Splitting dataset...
2026-07-23 14:05:18,843 | INFO | Training model...
2026-07-23 14:05:40,738 | INFO | Evaluating model...
2026-07-23 14:09:24,587 | INFO | Loading dataset...
2026-07-23 14:09:39,470 | INFO | Loading dataset...
2026-07-23 14:09:53,189 | INFO | Splitting dataset...
2026-07-23 14:09:53,342 | INFO | Training model...
2026-07-23 14:10:15,909 | INFO | Evaluating model...
2026-07-24 13:10:41,149 | INFO | Loading dataset...
2026-07-24 13:10:57,699 | INFO | Splitting dataset...
2026-07-24 13:10:57,890 | INFO | Training model...
2026-07-24 13:11:25,744 | INFO | Evaluating model...
2026-07-24 13:12:50,584 | INFO | Loading dataset...
2026-07-24 13:13:03,791 | INFO | Splitting dataset...
2026-07-24 13:13:03,944 | INFO | Training model...
2026-07-24 13:13:31,365 | INFO | Evaluating model...
2026-07-24 13:14:19,888 | INFO | Loading dataset...
2026-07-24 13:14:35,030 | INFO | Splitting dataset...
2026-07-24 13:14:35,193 | INFO | Training model...
2026-07-24 13:15:00,471 | INFO | Evaluating model...
2026-07-24 13:19:17,224 | INFO | Loading dataset...
2026-07-24 13:19:30,206 | INFO | Splitting dataset...
2026-07-24 13:19:30,397 | INFO | Training model...
2026-07-24 13:19:54,989 | INFO | Evaluating model...
2026-07-24 13:19:55,108 | INFO | Saving figures...
2026-07-24 13:20:01,914 | INFO | Training completed successfully.
2026-07-24 13:23:08,765 | INFO | Loading dataset...
2026-07-24 13:23:20,595 | INFO | Splitting dataset...
2026-07-24 13:23:20,815 | INFO | Training model...
2026-07-24 13:23:55,801 | INFO | Evaluating model...
2026-07-24 13:23:55,997 | INFO | Saving figures...
2026-07-24 13:24:02,866 | INFO | Training completed successfully.
2026-07-25 14:15:27,943 | INFO | Loading dataset...
2026-07-25 14:15:37,212 | INFO | Splitting dataset...
2026-07-25 14:15:37,307 | INFO | Training model...
2026-07-25 14:15:52,111 | INFO | Evaluating model...
2026-07-25 14:15:52,214 | INFO | Saving figures...
2026-07-25 14:15:56,948 | INFO | Training completed successfully.
